
Memory Configuration

Name             Origin             Length             Attributes
flash            0x08000000         0x00020000         xr
sram             0x20000000         0x00005000         xrw
*default*        0x00000000         0xffffffff

Linker script and memory map


.text           0x08000000      0x130
 *(.vectors*)
 .vectors       0x08000000       0x48 startup.o
 *(.text*)
 .text          0x08000048       0xdc main.o
                0x08000048                main
 .text          0x08000124        0xc startup.o

.data           0x08000130        0x4
 .data          0x08000130        0x4 main.o
                0x08000130                R_ODR
 .data          0x08000134        0x0 startup.o

.igot.plt       0x08000134        0x0
 .igot.plt      0x00000000        0x0 main.o

.glue_7         0x08000134        0x0
 .glue_7        0x00000000        0x0 linker stubs

.glue_7t        0x08000134        0x0
 .glue_7t       0x00000000        0x0 linker stubs

.vfp11_veneer   0x08000134        0x0
 .vfp11_veneer  0x00000000        0x0 linker stubs

.v4_bx          0x08000134        0x0
 .v4_bx         0x00000000        0x0 linker stubs

.iplt           0x08000134        0x0
 .iplt          0x00000000        0x0 main.o

.rel.dyn        0x08000134        0x0
 .rel.iplt      0x00000000        0x0 main.o

.bss            0x20000000        0x0
 *(.bss*)
 .bss           0x20000000        0x0 main.o
 .bss           0x20000000        0x0 startup.o
LOAD main.o
LOAD startup.o
OUTPUT(lab3.elf elf32-littlearm)

.debug_info     0x00000000      0x17e
 .debug_info    0x00000000      0x119 main.o
 .debug_info    0x00000119       0x65 startup.o

.debug_abbrev   0x00000000       0xf5
 .debug_abbrev  0x00000000       0xe1 main.o
 .debug_abbrev  0x000000e1       0x14 startup.o

.debug_loc      0x00000000       0x2c
 .debug_loc     0x00000000       0x2c main.o

.debug_aranges  0x00000000       0x40
 .debug_aranges
                0x00000000       0x20 main.o
 .debug_aranges
                0x00000020       0x20 startup.o

.debug_line     0x00000000       0xda
 .debug_line    0x00000000       0x9f main.o
 .debug_line    0x0000009f       0x3b startup.o

.debug_str      0x00000000       0xc6
 .debug_str     0x00000000       0xc6 main.o
                                 0xfa (size before relaxing)

.comment        0x00000000       0x11
 .comment       0x00000000       0x11 main.o
                                 0x12 (size before relaxing)

.ARM.attributes
                0x00000000       0x30
 .ARM.attributes
                0x00000000       0x32 main.o
 .ARM.attributes
                0x00000032       0x22 startup.o

.debug_frame    0x00000000       0x28
 .debug_frame   0x00000000       0x28 main.o
